// Jest Snapshot v1, https://goo.gl/fbAQLP

exports[`should render expenseListItem with fixture date 1`] = `
<li
  className="list-item-wrapper"
  data-id="2"
>
  <Link
    className="list-item"
    replace={false}
    to="/edit/2"
  >
    <div>
      <h3
        className="list-item__title"
      >
        rent
      </h3>
      <strong
        className="list-item__sub-title"
      >
        December 26th, 1969
      </strong>
    </div>
    <h3
      className="list-item__data"
    >
      $1,095.00
    </h3>
  </Link>
</li>
`;
